// Jest Snapshot v1, https://goo.gl/fbAQLP

exports[`renders correctly 1`] = `
<View
  style={
    [
      {
        "flex": 1,
      },
      undefined,
    ]
  }
>
  <View
    colors={
      [
        "#212733",
        "#1b2230",
        "#151c2a",
        "#0f1622",
        "#0b101b",
        "#080B15",
      ]
    }
    end={
      {
        "x": 0.65,
        "y": 1,
      }
    }
    locations={
      [
        0,
        0.16,
        0.34,
        0.56,
        0.78,
        1,
      ]
    }
    start={
      {
        "x": 0.35,
        "y": 0,
      }
    }
    style={
      {
        "bottom": 0,
        "left": 0,
        "position": "absolute",
        "right": 0,
        "top": 0,
      }
    }
  />
  <View
    colors={
      [
        "rgba(255,255,255,0.05)",
        "rgba(255,255,255,0)",
        "rgba(0,0,0,0.06)",
      ]
    }
    end={
      {
        "x": 0.9,
        "y": 1,
      }
    }
    locations={
      [
        0,
        0.42,
        1,
      ]
    }
    pointerEvents="none"
    start={
      {
        "x": 0.08,
        "y": 0,
      }
    }
    style={
      {
        "bottom": 0,
        "left": 0,
        "position": "absolute",
        "right": 0,
        "top": 0,
      }
    }
  />
  <View
    collapsable={false}
    style={
      {
        "alignItems": "center",
        "backgroundColor": "transparent",
        "flex": 1,
        "justifyContent": "center",
        "opacity": 1,
      }
    }
  >
    <View
      style={
        {
          "alignItems": "center",
          "height": 250,
          "justifyContent": "center",
          "paddingBottom": 250,
          "width": 250,
        }
      }
    >
      <View
        alignment="center"
        autoplay={true}
        fit="fill"
        resourceName="okyru_logo_anim"
        style={
          {
            "height": 250,
            "width": 250,
          }
        }
      />
    </View>
  </View>
</View>
`;
